
> ctrlbank@0.1.0 build
> node scripts/build.mjs

[build] Using DIRECT_URL for Prisma migrations.
node.exe : (node:11424) [DEP0190] DeprecationWarning: Passing args to a child process with shell option true can lead 
to security vulnerabilities, as the arguments are not escaped, only concatenated.
No linha:1 caractere:1
+ & "C:\Program Files\nodejs/node.exe" "C:\Program Files\nodejs/node_mo ...
+ ~~~~~~~~~~~~~~~~~~~~~~~~~~~~~~~~~~~~~~~~~~~~~~~~~~~~~~~~~~~~~~~~~~~~~
    + CategoryInfo          : NotSpecified: ((node:11424) [D...y concatenated.:String) [], RemoteException
    + FullyQualifiedErrorId : NativeCommandError
 
(Use `node --trace-deprecation ...` to show where the warning was created)
Environment variables loaded from .env
Prisma schema loaded from prisma\schema.prisma
Datasource "db": PostgreSQL database "neondb", schema "public" at "ep-billowing-union-acmis55z.sa-east-1.aws.neon.tech"

4 migrations found in prisma/migrations

Database schema is up to date!
[build] No pending Prisma migrations. Skipping migrate deploy.
[build] Using DATABASE_URL for Next.js build.
⚠ You are using a non-standard "NODE_ENV" value in your environment. This creates inconsistencies in the project and 
is strongly advised against. Read more: https://nextjs.org/docs/messages/non-standard-node-env
▲ Next.js 16.2.3 (Turbopack)
- Environments: .env.local, .env
- Experiments (use with caution):
  · optimizePackageImports

⚠ The "middleware" file convention is deprecated. Please use "proxy" instead. Learn more: 
https://nextjs.org/docs/messages/middleware-to-proxy
  Creating an optimized production build ...
✓ Compiled successfully in 5.9s
  Running TypeScript ...
  Finished TypeScript in 5.4s ...
  Collecting page data using 11 workers ...
[prisma] Using DATABASE_URL (ep-billowing-union-acmis55z.sa-east-1.aws.neon.tech) for database access.
[prisma] Using DATABASE_URL (ep-billowing-union-acmis55z.sa-east-1.aws.neon.tech) for database access.
[prisma] Using DATABASE_URL (ep-billowing-union-acmis55z.sa-east-1.aws.neon.tech) for database access.
[prisma] Using DATABASE_URL (ep-billowing-union-acmis55z.sa-east-1.aws.neon.tech) for database access.
[prisma] Using DATABASE_URL (ep-billowing-union-acmis55z.sa-east-1.aws.neon.tech) for database access.
[prisma] Using DATABASE_URL (ep-billowing-union-acmis55z.sa-east-1.aws.neon.tech) for database access.
[prisma] Using DATABASE_URL (ep-billowing-union-acmis55z.sa-east-1.aws.neon.tech) for database access.
[prisma] Using DATABASE_URL (ep-billowing-union-acmis55z.sa-east-1.aws.neon.tech) for database access.
[prisma] Using DATABASE_URL (ep-billowing-union-acmis55z.sa-east-1.aws.neon.tech) for database access.
[prisma] Using DATABASE_URL (ep-billowing-union-acmis55z.sa-east-1.aws.neon.tech) for database access.
[prisma] Using DATABASE_URL (ep-billowing-union-acmis55z.sa-east-1.aws.neon.tech) for database access.
[prisma] Using DATABASE_URL (ep-billowing-union-acmis55z.sa-east-1.aws.neon.tech) for database access.
[prisma] Using DATABASE_URL (ep-billowing-union-acmis55z.sa-east-1.aws.neon.tech) for database access.
[prisma] Using DATABASE_URL (ep-billowing-union-acmis55z.sa-east-1.aws.neon.tech) for database access.
[prisma] Using DATABASE_URL (ep-billowing-union-acmis55z.sa-east-1.aws.neon.tech) for database access.
[prisma] Using DATABASE_URL (ep-billowing-union-acmis55z.sa-east-1.aws.neon.tech) for database access.
[prisma] Using DATABASE_URL (ep-billowing-union-acmis55z.sa-east-1.aws.neon.tech) for database access.
[prisma] Using DATABASE_URL (ep-billowing-union-acmis55z.sa-east-1.aws.neon.tech) for database access.
[prisma] Using DATABASE_URL (ep-billowing-union-acmis55z.sa-east-1.aws.neon.tech) for database access.
  Generating static pages using 11 workers (0/27) ...
  Generating static pages using 11 workers (6/27) 
Each child in a list should have a unique "key" prop.

Check the top-level render call using <__next_viewport_boundary__>. See https://react.dev/link/warning-keys for more 
information.
Each child in a list should have a unique "key" prop. See https://react.dev/link/warning-keys for more information.
Each child in a list should have a unique "key" prop.

Check the top-level render call using <meta>. See https://react.dev/link/warning-keys for more information.
Each child in a list should have a unique "key" prop.

Check the top-level render call using <head>. See https://react.dev/link/warning-keys for more information.
Each child in a list should have a unique "key" prop.

Check the top-level render call using <meta>. See https://react.dev/link/warning-keys for more information.
Each child in a list should have a unique "key" prop.

Check the top-level render call using <html>. See https://react.dev/link/warning-keys for more information.
Each child in a list should have a unique "key" prop.

Check the top-level render call using <head>. See https://react.dev/link/warning-keys for more information.
Each child in a list should have a unique "key" prop.

Check the top-level render call using <meta>. See https://react.dev/link/warning-keys for more information.
Each child in a list should have a unique "key" prop. See https://react.dev/link/warning-keys for more information.
Each child in a list should have a unique "key" prop.

Check the top-level render call using <meta>. See https://react.dev/link/warning-keys for more information.
Each child in a list should have a unique "key" prop.

Check the top-level render call using <head>. See https://react.dev/link/warning-keys for more information.
Error validating session: Error: Dynamic server usage: Route /categorias couldn't be rendered statically because it 
used `cookies`. See more info here: https://nextjs.org/docs/messages/dynamic-server-error
    at y (C:\01 - PROJETOS\CtrlBank\.next\server\chunks\ssr\_069q8h2._.js:1:12731)
    at n (C:\01 - PROJETOS\CtrlBank\.next\server\chunks\ssr\_069q8h2._.js:4:12417)
    at i (C:\01 - PROJETOS\CtrlBank\.next\server\chunks\ssr\_069q8h2._.js:4:26701)
    at k (C:\01 - PROJETOS\CtrlBank\.next\server\chunks\ssr\_069q8h2._.js:4:27613)
    at g (C:\01 - PROJETOS\CtrlBank\.next\server\chunks\ssr\[root-of-the-server]__0brzh-s._.js:1:12707)
    at stringify (<anonymous>) {
  description: "Route /categorias couldn't be rendered statically because it used `cookies`. See more info here: 
https://nextjs.org/docs/messages/dynamic-server-error",
  digest: 'DYNAMIC_SERVER_USAGE'
}
Error validating session: Error: Dynamic server usage: Route /categorias couldn't be rendered statically because it 
used `cookies`. See more info here: https://nextjs.org/docs/messages/dynamic-server-error
    at y (C:\01 - PROJETOS\CtrlBank\.next\server\chunks\ssr\_069q8h2._.js:1:12731)
    at n (C:\01 - PROJETOS\CtrlBank\.next\server\chunks\ssr\_069q8h2._.js:4:12417)
    at i (C:\01 - PROJETOS\CtrlBank\.next\server\chunks\ssr\_069q8h2._.js:4:26701)
    at k (C:\01 - PROJETOS\CtrlBank\.next\server\chunks\ssr\_069q8h2._.js:4:27613)
    at g (C:\01 - PROJETOS\CtrlBank\.next\server\chunks\ssr\[root-of-the-server]__00i7q2z._.js:1:2311)
    at stringify (<anonymous>) {
  description: "Route /categorias couldn't be rendered statically because it used `cookies`. See more info here: 
https://nextjs.org/docs/messages/dynamic-server-error",
  digest: 'DYNAMIC_SERVER_USAGE'
}
Each child in a list should have a unique "key" prop.

Check the top-level render call using <html>. See https://react.dev/link/warning-keys for more information.
Each child in a list should have a unique "key" prop.

Check the top-level render call using <head>. See https://react.dev/link/warning-keys for more information.
Each child in a list should have a unique "key" prop.

Check the top-level render call using <meta>. See https://react.dev/link/warning-keys for more information.
Each child in a list should have a unique "key" prop. See https://react.dev/link/warning-keys for more information.
Each child in a list should have a unique "key" prop.

Check the top-level render call using <meta>. See https://react.dev/link/warning-keys for more information.
Each child in a list should have a unique "key" prop.

Check the top-level render call using <head>. See https://react.dev/link/warning-keys for more information.
Error validating session: Error: Dynamic server usage: Route /contador couldn't be rendered statically because it used 
`cookies`. See more info here: https://nextjs.org/docs/messages/dynamic-server-error
    at y (C:\01 - PROJETOS\CtrlBank\.next\server\chunks\ssr\_069q8h2._.js:1:12731)
    at n (C:\01 - PROJETOS\CtrlBank\.next\server\chunks\ssr\_069q8h2._.js:4:12417)
    at i (C:\01 - PROJETOS\CtrlBank\.next\server\chunks\ssr\_069q8h2._.js:4:26701)
    at k (C:\01 - PROJETOS\CtrlBank\.next\server\chunks\ssr\_069q8h2._.js:4:27613)
    at g (C:\01 - PROJETOS\CtrlBank\.next\server\chunks\ssr\[root-of-the-server]__0brzh-s._.js:1:12707)
    at stringify (<anonymous>) {
  description: "Route /contador couldn't be rendered statically because it used `cookies`. See more info here: 
https://nextjs.org/docs/messages/dynamic-server-error",
  digest: 'DYNAMIC_SERVER_USAGE'
}
Error validating session: Error: Dynamic server usage: Route /contador couldn't be rendered statically because it used 
`cookies`. See more info here: https://nextjs.org/docs/messages/dynamic-server-error
    at y (C:\01 - PROJETOS\CtrlBank\.next\server\chunks\ssr\_069q8h2._.js:1:12731)
    at n (C:\01 - PROJETOS\CtrlBank\.next\server\chunks\ssr\_069q8h2._.js:4:12417)
    at i (C:\01 - PROJETOS\CtrlBank\.next\server\chunks\ssr\_069q8h2._.js:4:26701)
    at k (C:\01 - PROJETOS\CtrlBank\.next\server\chunks\ssr\_069q8h2._.js:4:27613)
    at g (C:\01 - PROJETOS\CtrlBank\.next\server\chunks\ssr\[root-of-the-server]__0okyxsg._.js:1:2297)
    at stringify (<anonymous>) {
  description: "Route /contador couldn't be rendered statically because it used `cookies`. See more info here: 
https://nextjs.org/docs/messages/dynamic-server-error",
  digest: 'DYNAMIC_SERVER_USAGE'
}
Each child in a list should have a unique "key" prop.

Check the top-level render call using <html>. See https://react.dev/link/warning-keys for more information.
Each child in a list should have a unique "key" prop.

Check the top-level render call using <head>. See https://react.dev/link/warning-keys for more information.
Each child in a list should have a unique "key" prop.

Check the top-level render call using <meta>. See https://react.dev/link/warning-keys for more information.
Each child in a list should have a unique "key" prop. See https://react.dev/link/warning-keys for more information.
Each child in a list should have a unique "key" prop.

Check the top-level render call using <meta>. See https://react.dev/link/warning-keys for more information.
Each child in a list should have a unique "key" prop.

Check the top-level render call using <head>. See https://react.dev/link/warning-keys for more information.
Error validating session: Error: Dynamic server usage: Route /contas couldn't be rendered statically because it used 
`cookies`. See more info here: https://nextjs.org/docs/messages/dynamic-server-error
    at y (C:\01 - PROJETOS\CtrlBank\.next\server\chunks\ssr\_069q8h2._.js:1:12731)
    at n (C:\01 - PROJETOS\CtrlBank\.next\server\chunks\ssr\_069q8h2._.js:4:12417)
    at i (C:\01 - PROJETOS\CtrlBank\.next\server\chunks\ssr\_069q8h2._.js:4:26701)
    at k (C:\01 - PROJETOS\CtrlBank\.next\server\chunks\ssr\_069q8h2._.js:4:27613)
    at g (C:\01 - PROJETOS\CtrlBank\.next\server\chunks\ssr\[root-of-the-server]__0brzh-s._.js:1:12707)
    at stringify (<anonymous>) {
  description: "Route /contas couldn't be rendered statically because it used `cookies`. See more info here: 
https://nextjs.org/docs/messages/dynamic-server-error",
  digest: 'DYNAMIC_SERVER_USAGE'
}
Error validating session: Error: Dynamic server usage: Route /contas couldn't be rendered statically because it used 
`cookies`. See more info here: https://nextjs.org/docs/messages/dynamic-server-error
    at y (C:\01 - PROJETOS\CtrlBank\.next\server\chunks\ssr\_069q8h2._.js:1:12731)
    at n (C:\01 - PROJETOS\CtrlBank\.next\server\chunks\ssr\_069q8h2._.js:4:12417)
    at i (C:\01 - PROJETOS\CtrlBank\.next\server\chunks\ssr\_069q8h2._.js:4:26701)
    at k (C:\01 - PROJETOS\CtrlBank\.next\server\chunks\ssr\_069q8h2._.js:4:27613)
    at g (C:\01 - PROJETOS\CtrlBank\.next\server\chunks\ssr\[root-of-the-server]__0g519b0._.js:1:2281)
    at stringify (<anonymous>) {
  description: "Route /contas couldn't be rendered statically because it used `cookies`. See more info here: 
https://nextjs.org/docs/messages/dynamic-server-error",
  digest: 'DYNAMIC_SERVER_USAGE'
}
Each child in a list should have a unique "key" prop.

Check the top-level render call using <html>. See https://react.dev/link/warning-keys for more information.
Each child in a list should have a unique "key" prop.

Check the top-level render call using <head>. See https://react.dev/link/warning-keys for more information.
Each child in a list should have a unique "key" prop.

Check the top-level render call using <meta>. See https://react.dev/link/warning-keys for more information.
Each child in a list should have a unique "key" prop. See https://react.dev/link/warning-keys for more information.
Each child in a list should have a unique "key" prop.

Check the top-level render call using <meta>. See https://react.dev/link/warning-keys for more information.
Each child in a list should have a unique "key" prop.

Check the top-level render call using <head>. See https://react.dev/link/warning-keys for more information.
Error validating session: Error: Dynamic server usage: Route /familia couldn't be rendered statically because it used 
`cookies`. See more info here: https://nextjs.org/docs/messages/dynamic-server-error
    at y (C:\01 - PROJETOS\CtrlBank\.next\server\chunks\ssr\_069q8h2._.js:1:12731)
    at n (C:\01 - PROJETOS\CtrlBank\.next\server\chunks\ssr\_069q8h2._.js:4:12417)
    at i (C:\01 - PROJETOS\CtrlBank\.next\server\chunks\ssr\_069q8h2._.js:4:26701)
    at k (C:\01 - PROJETOS\CtrlBank\.next\server\chunks\ssr\_069q8h2._.js:4:27613)
    at g (C:\01 - PROJETOS\CtrlBank\.next\server\chunks\ssr\[root-of-the-server]__0brzh-s._.js:1:12707)
    at stringify (<anonymous>) {
  description: "Route /familia couldn't be rendered statically because it used `cookies`. See more info here: 
https://nextjs.org/docs/messages/dynamic-server-error",
  digest: 'DYNAMIC_SERVER_USAGE'
}
Error validating session: Error: Dynamic server usage: Route /familia couldn't be rendered statically because it used 
`cookies`. See more info here: https://nextjs.org/docs/messages/dynamic-server-error
    at y (C:\01 - PROJETOS\CtrlBank\.next\server\chunks\ssr\_069q8h2._.js:1:12731)
    at n (C:\01 - PROJETOS\CtrlBank\.next\server\chunks\ssr\_069q8h2._.js:4:12417)
    at i (C:\01 - PROJETOS\CtrlBank\.next\server\chunks\ssr\_069q8h2._.js:4:26701)
    at k (C:\01 - PROJETOS\CtrlBank\.next\server\chunks\ssr\_069q8h2._.js:4:27613)
    at g (C:\01 - PROJETOS\CtrlBank\.next\server\chunks\ssr\[root-of-the-server]__0f_bm7m._.js:1:2289)
    at stringify (<anonymous>) {
  description: "Route /familia couldn't be rendered statically because it used `cookies`. See more info here: 
https://nextjs.org/docs/messages/dynamic-server-error",
  digest: 'DYNAMIC_SERVER_USAGE'
}
Each child in a list should have a unique "key" prop.

Check the top-level render call using <html>. See https://react.dev/link/warning-keys for more information.
Each child in a list should have a unique "key" prop.

Check the top-level render call using <head>. See https://react.dev/link/warning-keys for more information.
Each child in a list should have a unique "key" prop.

Check the top-level render call using <meta>. See https://react.dev/link/warning-keys for more information.
Each child in a list should have a unique "key" prop. See https://react.dev/link/warning-keys for more information.
Each child in a list should have a unique "key" prop.

Check the top-level render call using <meta>. See https://react.dev/link/warning-keys for more information.
Each child in a list should have a unique "key" prop.

Check the top-level render call using <head>. See https://react.dev/link/warning-keys for more information.
Error validating session: Error: Dynamic server usage: Route /integracoes couldn't be rendered statically because it 
used `cookies`. See more info here: https://nextjs.org/docs/messages/dynamic-server-error
    at y (C:\01 - PROJETOS\CtrlBank\.next\server\chunks\ssr\_069q8h2._.js:1:12731)
    at n (C:\01 - PROJETOS\CtrlBank\.next\server\chunks\ssr\_069q8h2._.js:4:12417)
    at i (C:\01 - PROJETOS\CtrlBank\.next\server\chunks\ssr\_069q8h2._.js:4:26701)
    at k (C:\01 - PROJETOS\CtrlBank\.next\server\chunks\ssr\_069q8h2._.js:4:27613)
    at g (C:\01 - PROJETOS\CtrlBank\.next\server\chunks\ssr\[root-of-the-server]__0brzh-s._.js:1:12707)
    at stringify (<anonymous>) {
  description: "Route /integracoes couldn't be rendered statically because it used `cookies`. See more info here: 
https://nextjs.org/docs/messages/dynamic-server-error",
  digest: 'DYNAMIC_SERVER_USAGE'
}
Error validating session: Error: Dynamic server usage: Route /integracoes couldn't be rendered statically because it 
used `cookies`. See more info here: https://nextjs.org/docs/messages/dynamic-server-error
    at y (C:\01 - PROJETOS\CtrlBank\.next\server\chunks\ssr\_069q8h2._.js:1:12731)
    at n (C:\01 - PROJETOS\CtrlBank\.next\server\chunks\ssr\_069q8h2._.js:4:12417)
    at i (C:\01 - PROJETOS\CtrlBank\.next\server\chunks\ssr\_069q8h2._.js:4:26701)
    at k (C:\01 - PROJETOS\CtrlBank\.next\server\chunks\ssr\_069q8h2._.js:4:27613)
    at g (C:\01 - PROJETOS\CtrlBank\.next\server\chunks\ssr\[root-of-the-server]__0rsiui4._.js:1:2321)
    at stringify (<anonymous>) {
  description: "Route /integracoes couldn't be rendered statically because it used `cookies`. See more info here: 
https://nextjs.org/docs/messages/dynamic-server-error",
  digest: 'DYNAMIC_SERVER_USAGE'
}
Each child in a list should have a unique "key" prop.

Check the top-level render call using <html>. See https://react.dev/link/warning-keys for more information.
Each child in a list should have a unique "key" prop.

Check the top-level render call using <head>. See https://react.dev/link/warning-keys for more information.
Each child in a list should have a unique "key" prop.

Check the top-level render call using <meta>. See https://react.dev/link/warning-keys for more information.
Each child in a list should have a unique "key" prop. See https://react.dev/link/warning-keys for more information.
Each child in a list should have a unique "key" prop.

Check the top-level render call using <meta>. See https://react.dev/link/warning-keys for more information.
Each child in a list should have a unique "key" prop.

Check the top-level render call using <head>. See https://react.dev/link/warning-keys for more information.
Each child in a list should have a unique "key" prop.

Check the top-level render call using <__next_viewport_boundary__>. See https://react.dev/link/warning-keys for more 
information.
Error occurred prerendering page "/_global-error". Read more: https://nextjs.org/docs/messages/prerender-error
TypeError: Cannot read properties of null (reading 'useContext')
    at ignore-listed frames {
  digest: '3726650993'
}
Export encountered an error on /_global-error/page: /_global-error, exiting the build.
Each child in a list should have a unique "key" prop.

Check the top-level render call using <html>. See https://react.dev/link/warning-keys for more information.
Each child in a list should have a unique "key" prop.

Check the top-level render call using <head>. See https://react.dev/link/warning-keys for more information.
Each child in a list should have a unique "key" prop.

Check the top-level render call using <meta>. See https://react.dev/link/warning-keys for more information.
Each child in a list should have a unique "key" prop. See https://react.dev/link/warning-keys for more information.
Each child in a list should have a unique "key" prop.

Check the top-level render call using <meta>. See https://react.dev/link/warning-keys for more information.
Each child in a list should have a unique "key" prop.

Check the top-level render call using <head>. See https://react.dev/link/warning-keys for more information.
⨯ Next.js build worker exited with code: 1 and signal: null
[build] Failed to prepare Prisma database URL. Error: npx.cmd next build exited with code 1.
    at ChildProcess.<anonymous> (file:///C:/01%20-%20PROJETOS/CtrlBank/scripts/build.mjs:117:21)
    at ChildProcess.emit (node:events:508:28)
    at ChildProcess._handle.onexit (node:internal/child_process:294:12) {
  stdout: '▲ Next.js 16.2.3 (Turbopack)\n' +
    '- Environments: .env.local, .env\n' +
    '- Experiments (use with caution):\n' +
    '  · optimizePackageImports\n' +
    '\n' +
    '  Creating an optimized production build ...\n' +
    '✓ Compiled successfully in 5.9s\n' +
    '  Running TypeScript ...\n' +
    '  Finished TypeScript in 5.4s ...\n' +
    '  Collecting page data using 11 workers ...\n' +
    '[prisma] Using DATABASE_URL (ep-billowing-union-acmis55z.sa-east-1.aws.neon.tech) for database access.\n' +
    '[prisma] Using DATABASE_URL (ep-billowing-union-acmis55z.sa-east-1.aws.neon.tech) for database access.\n' +
    '[prisma] Using DATABASE_URL (ep-billowing-union-acmis55z.sa-east-1.aws.neon.tech) for database access.\n' +
    '[prisma] Using DATABASE_URL (ep-billowing-union-acmis55z.sa-east-1.aws.neon.tech) for database access.\n' +
    '[prisma] Using DATABASE_URL (ep-billowing-union-acmis55z.sa-east-1.aws.neon.tech) for database access.\n' +
    '[prisma] Using DATABASE_URL (ep-billowing-union-acmis55z.sa-east-1.aws.neon.tech) for database access.\n' +
    '[prisma] Using DATABASE_URL (ep-billowing-union-acmis55z.sa-east-1.aws.neon.tech) for database access.\n' +
    '[prisma] Using DATABASE_URL (ep-billowing-union-acmis55z.sa-east-1.aws.neon.tech) for database access.\n' +
    '[prisma] Using DATABASE_URL (ep-billowing-union-acmis55z.sa-east-1.aws.neon.tech) for database access.\n' +
    '[prisma] Using DATABASE_URL (ep-billowing-union-acmis55z.sa-east-1.aws.neon.tech) for database access.\n' +
    '[prisma] Using DATABASE_URL (ep-billowing-union-acmis55z.sa-east-1.aws.neon.tech) for database access.\n' +
    '[prisma] Using DATABASE_URL (ep-billowing-union-acmis55z.sa-east-1.aws.neon.tech) for database access.\n' +
    '[prisma] Using DATABASE_URL (ep-billowing-union-acmis55z.sa-east-1.aws.neon.tech) for database access.\n' +
    '[prisma] Using DATABASE_URL (ep-billowing-union-acmis55z.sa-east-1.aws.neon.tech) for database access.\n' +
    '[prisma] Using DATABASE_URL (ep-billowing-union-acmis55z.sa-east-1.aws.neon.tech) for database access.\n' +
    '[prisma] Using DATABASE_URL (ep-billowing-union-acmis55z.sa-east-1.aws.neon.tech) for database access.\n' +
    '[prisma] Using DATABASE_URL (ep-billowing-union-acmis55z.sa-east-1.aws.neon.tech) for database access.\n' +
    '[prisma] Using DATABASE_URL (ep-billowing-union-acmis55z.sa-east-1.aws.neon.tech) for database access.\n' +
    '[prisma] Using DATABASE_URL (ep-billowing-union-acmis55z.sa-east-1.aws.neon.tech) for database access.\n' +
    '  Generating static pages using 11 workers (0/27) ...\n' +
    '  Generating static pages using 11 workers (6/27) \r\n',
  stderr: '⚠ You are using a non-standard "NODE_ENV" value in your environment. This creates inconsistencies in the 
project and is strongly advised against. Read more: https://nextjs.org/docs/messages/non-standard-node-env\n' +
    '⚠ The "middleware" file convention is deprecated. Please use "proxy" instead. Learn more: 
https://nextjs.org/docs/messages/middleware-to-proxy\n' +
    'Each child in a list should have a unique "key" prop.\n' +
    '\n' +
    'Check the top-level render call using <__next_viewport_boundary__>. See https://react.dev/link/warning-keys for 
more information.\n' +
    'Each child in a list should have a unique "key" prop. See https://react.dev/link/warning-keys for more 
information.\n' +
    'Each child in a list should have a unique "key" prop.\n' +
    '\n' +
    'Check the top-level render call using <meta>. See https://react.dev/link/warning-keys for more information.\n' +
    'Each child in a list should have a unique "key" prop.\n' +
    '\n' +
    'Check the top-level render call using <head>. See https://react.dev/link/warning-keys for more information.\n' +
    'Each child in a list should have a unique "key" prop.\n' +
    '\n' +
    'Check the top-level render call using <meta>. See https://react.dev/link/warning-keys for more information.\n' +
    'Each child in a list should have a unique "key" prop.\n' +
    '\n' +
    'Check the top-level render call using <html>. See https://react.dev/link/warning-keys for more information.\n' +
    'Each child in a list should have a unique "key" prop.\n' +
    '\n' +
    'Check the top-level render call using <head>. See https://react.dev/link/warning-keys for more information.\n' +
    'Each child in a list should have a unique "key" prop.\n' +
    '\n' +
    'Check the top-level render call using <meta>. See https://react.dev/link/warning-keys for more information.\n' +
    'Each child in a list should have a unique "key" prop. See https://react.dev/link/warning-keys for more 
information.\n' +
    'Each child in a list should have a unique "key" prop.\n' +
    '\n' +
    'Check the top-level render call using <meta>. See https://react.dev/link/warning-keys for more information.\n' +
    'Each child in a list should have a unique "key" prop.\n' +
    '\n' +
    'Check the top-level render call using <head>. See https://react.dev/link/warning-keys for more information.\n' +
    "Error validating session: Error: Dynamic server usage: Route /categorias couldn't be rendered statically because 
it used `cookies`. See more info here: https://nextjs.org/docs/messages/dynamic-server-error\n" +
    '    at y (C:\\01 - PROJETOS\\CtrlBank\\.next\\server\\chunks\\ssr\\_069q8h2._.js:1:12731)\n' +
    '    at n (C:\\01 - PROJETOS\\CtrlBank\\.next\\server\\chunks\\ssr\\_069q8h2._.js:4:12417)\n' +
    '    at i (C:\\01 - PROJETOS\\CtrlBank\\.next\\server\\chunks\\ssr\\_069q8h2._.js:4:26701)\n' +
    '    at k (C:\\01 - PROJETOS\\CtrlBank\\.next\\server\\chunks\\ssr\\_069q8h2._.js:4:27613)\n' +
    '    at g (C:\\01 - PROJETOS\\CtrlBank\\.next\\server\\chunks\\ssr\\[root-of-the-server]__0brzh-s._.js:1:12707)\n' 
+
    '    at stringify (<anonymous>) {\n' +
    '  description: "Route /categorias couldn\'t be rendered statically because it used `cookies`. See more info here: 
https://nextjs.org/docs/messages/dynamic-server-error",\n' +
    "  digest: 'DYNAMIC_SERVER_USAGE'\n" +
    '}\n' +
    "Error validating session: Error: Dynamic server usage: Route /categorias couldn't be rendered statically because 
it used `cookies`. See more info here: https://nextjs.org/docs/messages/dynamic-server-error\n" +
    '    at y (C:\\01 - PROJETOS\\CtrlBank\\.next\\server\\chunks\\ssr\\_069q8h2._.js:1:12731)\n' +
    '    at n (C:\\01 - PROJETOS\\CtrlBank\\.next\\server\\chunks\\ssr\\_069q8h2._.js:4:12417)\n' +
    '    at i (C:\\01 - PROJETOS\\CtrlBank\\.next\\server\\chunks\\ssr\\_069q8h2._.js:4:26701)\n' +
    '    at k (C:\\01 - PROJETOS\\CtrlBank\\.next\\server\\chunks\\ssr\\_069q8h2._.js:4:27613)\n' +
    '    at g (C:\\01 - PROJETOS\\CtrlBank\\.next\\server\\chunks\\ssr\\[root-of-the-server]__00i7q2z._.js:1:2311)\n' +
    '    at stringify (<anonymous>) {\n' +
    '  description: "Route /categorias couldn\'t be rendered statically because it used `cookies`. See more info here: 
https://nextjs.org/docs/messages/dynamic-server-error",\n' +
    "  digest: 'DYNAMIC_SERVER_USAGE'\n" +
    '}\n' +
    'Each child in a list should have a unique "key" prop.\n' +
    '\n' +
    'Check the top-level render call using <html>. See https://react.dev/link/warning-keys for more information.\n' +
    'Each child in a list should have a unique "key" prop.\n' +
    '\n' +
    'Check the top-level render call using <head>. See https://react.dev/link/warning-keys for more information.\n' +
    'Each child in a list should have a unique "key" prop.\n' +
    '\n' +
    'Check the top-level render call using <meta>. See https://react.dev/link/warning-keys for more information.\n' +
    'Each child in a list should have a unique "key" prop. See https://react.dev/link/warning-keys for more 
information.\n' +
    'Each child in a list should have a unique "key" prop.\n' +
    '\n' +
    'Check the top-level render call using <meta>. See https://react.dev/link/warning-keys for more information.\n' +
    'Each child in a list should have a unique "key" prop.\n' +
    '\n' +
    'Check the top-level render call using <head>. See https://react.dev/link/warning-keys for more information.\n' +
    "Error validating session: Error: Dynamic server usage: Route /contador couldn't be rendered statically because it 
used `cookies`. See more info here: https://nextjs.org/docs/messages/dynamic-server-error\n" +
    '    at y (C:\\01 - PROJETOS\\CtrlBank\\.next\\server\\chunks\\ssr\\_069q8h2._.js:1:12731)\n' +
    '    at n (C:\\01 - PROJETOS\\CtrlBank\\.next\\server\\chunks\\ssr\\_069q8h2._.js:4:12417)\n' +
    '    at i (C:\\01 - PROJETOS\\CtrlBank\\.next\\server\\chunks\\ssr\\_069q8h2._.js:4:26701)\n' +
    '    at k (C:\\01 - PROJETOS\\CtrlBank\\.next\\server\\chunks\\ssr\\_069q8h2._.js:4:27613)\n' +
    '    at g (C:\\01 - PROJETOS\\CtrlBank\\.next\\server\\chunks\\ssr\\[root-of-the-server]__0brzh-s._.js:1:12707)\n' 
+
    '    at stringify (<anonymous>) {\n' +
    '  description: "Route /contador couldn\'t be rendered statically because it used `cookies`. See more info here: 
https://nextjs.org/docs/messages/dynamic-server-error",\n' +
    "  digest: 'DYNAMIC_SERVER_USAGE'\n" +
    '}\n' +
    "Error validating session: Error: Dynamic server usage: Route /contador couldn't be rendered statically because it 
used `cookies`. See more info here: https://nextjs.org/docs/messages/dynamic-server-error\n" +
    '    at y (C:\\01 - PROJETOS\\CtrlBank\\.next\\server\\chunks\\ssr\\_069q8h2._.js:1:12731)\n' +
    '    at n (C:\\01 - PROJETOS\\CtrlBank\\.next\\server\\chunks\\ssr\\_069q8h2._.js:4:12417)\n' +
    '    at i (C:\\01 - PROJETOS\\CtrlBank\\.next\\server\\chunks\\ssr\\_069q8h2._.js:4:26701)\n' +
    '    at k (C:\\01 - PROJETOS\\CtrlBank\\.next\\server\\chunks\\ssr\\_069q8h2._.js:4:27613)\n' +
    '    at g (C:\\01 - PROJETOS\\CtrlBank\\.next\\server\\chunks\\ssr\\[root-of-the-server]__0okyxsg._.js:1:2297)\n' +
    '    at stringify (<anonymous>) {\n' +
    '  description: "Route /contador couldn\'t be rendered statically because it used `cookies`. See more info here: 
https://nextjs.org/docs/messages/dynamic-server-error",\n' +
    "  digest: 'DYNAMIC_SERVER_USAGE'\n" +
    '}\n' +
    'Each child in a list should have a unique "key" prop.\n' +
    '\n' +
    'Check the top-level render call using <html>. See https://react.dev/link/warning-keys for more information.\n' +
    'Each child in a list should have a unique "key" prop.\n' +
    '\n' +
    'Check the top-level render call using <head>. See https://react.dev/link/warning-keys for more information.\n' +
    'Each child in a list should have a unique "key" prop.\n' +
    '\n' +
    'Check the top-level render call using <meta>. See https://react.dev/link/warning-keys for more information.\n' +
    'Each child in a list should have a unique "key" prop. See https://react.dev/link/warning-keys for more 
information.\n' +
    'Each child in a list should have a unique "key" prop.\n' +
    '\n' +
    'Check the top-level render call using <meta>. See https://react.dev/link/warning-keys for more information.\n' +
    'Each child in a list should have a unique "key" prop.\n' +
    '\n' +
    'Check the top-level render call using <head>. See https://react.dev/link/warning-keys for more information.\n' +
    "Error validating session: Error: Dynamic server usage: Route /contas couldn't be rendered statically because it 
used `cookies`. See more info here: https://nextjs.org/docs/messages/dynamic-server-error\n" +
    '    at y (C:\\01 - PROJETOS\\CtrlBank\\.next\\server\\chunks\\ssr\\_069q8h2._.js:1:12731)\n' +
    '    at n (C:\\01 - PROJETOS\\CtrlBank\\.next\\server\\chunks\\ssr\\_069q8h2._.js:4:12417)\n' +
    '    at i (C:\\01 - PROJETOS\\CtrlBank\\.next\\server\\chunks\\ssr\\_069q8h2._.js:4:26701)\n' +
    '    at k (C:\\01 - PROJETOS\\CtrlBank\\.next\\server\\chunks\\ssr\\_069q8h2._.js:4:27613)\n' +
    '    at g (C:\\01 - PROJETOS\\CtrlBank\\.next\\server\\chunks\\ssr\\[root-of-the-server]__0brzh-s._.js:1:12707)\n' 
+
    '    at stringify (<anonymous>) {\n' +
    '  description: "Route /contas couldn\'t be rendered statically because it used `cookies`. See more info here: 
https://nextjs.org/docs/messages/dynamic-server-error",\n' +
    "  digest: 'DYNAMIC_SERVER_USAGE'\n" +
    '}\n' +
    "Error validating session: Error: Dynamic server usage: Route /contas couldn't be rendered statically because it 
used `cookies`. See more info here: https://nextjs.org/docs/messages/dynamic-server-error\n" +
    '    at y (C:\\01 - PROJETOS\\CtrlBank\\.next\\server\\chunks\\ssr\\_069q8h2._.js:1:12731)\n' +
    '    at n (C:\\01 - PROJETOS\\CtrlBank\\.next\\server\\chunks\\ssr\\_069q8h2._.js:4:12417)\n' +
    '    at i (C:\\01 - PROJETOS\\CtrlBank\\.next\\server\\chunks\\ssr\\_069q8h2._.js:4:26701)\n' +
    '    at k (C:\\01 - PROJETOS\\CtrlBank\\.next\\server\\chunks\\ssr\\_069q8h2._.js:4:27613)\n' +
    '    at g (C:\\01 - PROJETOS\\CtrlBank\\.next\\server\\chunks\\ssr\\[root-of-the-server]__0g519b0._.js:1:2281)\n' +
    '    at stringify (<anonymous>) {\n' +
    '  description: "Route /contas couldn\'t be rendered statically because it used `cookies`. See more info here: 
https://nextjs.org/docs/messages/dynamic-server-error",\n' +
    "  digest: 'DYNAMIC_SERVER_USAGE'\n" +
    '}\n' +
    'Each child in a list should have a unique "key" prop.\n' +
    '\n' +
    'Check the top-level render call using <html>. See https://react.dev/link/warning-keys for more information.\n' +
    'Each child in a list should have a unique "key" prop.\n' +
    '\n' +
    'Check the top-level render call using <head>. See https://react.dev/link/warning-keys for more information.\n' +
    'Each child in a list should have a unique "key" prop.\n' +
    '\n' +
    'Check the top-level render call using <meta>. See https://react.dev/link/warning-keys for more information.\n' +
    'Each child in a list should have a unique "key" prop. See https://react.dev/link/warning-keys for more 
information.\n' +
    'Each child in a list should have a unique "key" prop.\n' +
    '\n' +
    'Check the top-level render call using <meta>. See https://react.dev/link/warning-keys for more information.\n' +
    'Each child in a list should have a unique "key"'... 6978 more characters
}
